// Jest Snapshot v1, https://goo.gl/fbAQLP

exports[`ReactSwipe dupplicates the children when there are exactly 2 were set 1`] = `"<div><div class=\\"react-swipe-container product-carousel\\" style=\\"overflow: hidden; visibility: visible; position: relative;\\"><div style=\\"overflow: hidden; position: relative; width: 0px; left: 0px;\\"><div style=\\"float: left; width: 0px; position: relative; background: red;\\" data-index=\\"0\\"><img alt=\\"img1\\" src=\\"./image1.png\\"></div><div style=\\"float: left; width: 0px; position: relative; background: red;\\" data-index=\\"1\\"><img alt=\\"img2\\" src=\\"./image2.png\\"></div><div style=\\"float: left; width: 0px; position: relative; background: red;\\" data-index=\\"2\\"><img alt=\\"img1\\" src=\\"./image1.png\\"></div><div style=\\"float: left; width: 0px; position: relative; background: red;\\" data-index=\\"3\\"><img alt=\\"img2\\" src=\\"./image2.png\\"></div></div></div></div>"`;

exports[`ReactSwipe handle props update correctly when 2 childs are set 1`] = `"<div><div class=\\"react-swipe-container \\" style=\\"overflow: hidden; visibility: visible; position: relative;\\"><div style=\\"overflow: hidden; position: relative; width: 0px; left: 0px;\\"><img src=\\"img1\\" style=\\"float: left; width: 0px; position: relative;\\" data-index=\\"0\\"><span src=\\"img2\\" style=\\"float: left; width: 0px; position: relative;\\" data-index=\\"1\\">loading</span><img src=\\"img1\\" style=\\"float: left; width: 0px; position: relative;\\" data-index=\\"2\\"><span src=\\"img2\\" style=\\"float: left; width: 0px; position: relative;\\" data-index=\\"3\\">loading</span></div></div></div>"`;

exports[`ReactSwipe handle props update correctly when 2 childs are set 2`] = `"<div><div class=\\"react-swipe-container \\" style=\\"overflow: hidden; visibility: visible; position: relative;\\"><div style=\\"overflow: hidden; position: relative; width: 0px; left: 0px;\\"><img src=\\"img1\\" style=\\"float: left; width: 0px; position: relative;\\" data-index=\\"0\\"><img src=\\"img2\\" style=\\"float: left; width: 0px; position: relative;\\" data-index=\\"1\\"><img src=\\"img1\\" style=\\"float: left; width: 0px; position: relative;\\" data-index=\\"2\\"><img src=\\"img2\\" style=\\"float: left; width: 0px; position: relative;\\" data-index=\\"3\\"></div></div></div>"`;

exports[`ReactSwipe handles the chidren internal updates correctly when there are 2 childs 1`] = `"<div><div class=\\"react-swipe-container product-carousel\\" style=\\"overflow: hidden; visibility: visible; position: relative;\\"><div style=\\"overflow: hidden; position: relative; width: 0px; left: 0px;\\"><div class=\\"lazy-image\\" src=\\"img1\\" style=\\"width: 0px;\\" data-index=\\"0\\"><img src=\\"img1\\"> </div><div class=\\"lazy-image\\" src=\\"img2\\" style=\\"width: 0px;\\" data-index=\\"1\\"><span src=\\"img2\\">loading</span> </div><div class=\\"lazy-image\\" src=\\"img1\\" style=\\"width: 0px;\\" data-index=\\"2\\"><img src=\\"img1\\"> </div><div class=\\"lazy-image\\" src=\\"img2\\" style=\\"width: 0px;\\" data-index=\\"3\\"><span src=\\"img2\\">loading</span> </div></div></div></div>"`;

exports[`ReactSwipe handles the chidren internal updates correctly when there are 2 childs 2`] = `"<div><div class=\\"react-swipe-container product-carousel\\" style=\\"overflow: hidden; visibility: visible; position: relative;\\"><div style=\\"overflow: hidden; position: relative; width: 0px; left: 0px;\\"><div class=\\"lazy-image\\" src=\\"img1\\" style=\\"width: 0px;\\" data-index=\\"0\\"><img src=\\"img1\\"> </div><div class=\\"lazy-image\\" src=\\"img2\\" style=\\"width: 0px;\\" data-index=\\"1\\"><img src=\\"img2\\"> </div><div class=\\"lazy-image\\" src=\\"img1\\" style=\\"width: 0px;\\" data-index=\\"2\\"><img src=\\"img1\\"> </div><div class=\\"lazy-image\\" src=\\"img2\\" style=\\"width: 0px;\\" data-index=\\"3\\"><img src=\\"img2\\"> </div></div></div></div>"`;

exports[`ReactSwipe renders all the children correctly 1`] = `"<div><div class=\\"react-swipe-container product-carousel\\" style=\\"overflow: hidden; visibility: visible; position: relative;\\"><div style=\\"overflow: hidden; position: relative; width: 0px; left: 0px;\\"><img alt=\\"img1\\" src=\\"./image1.png\\" style=\\"float: left; width: 0px; position: relative;\\" data-index=\\"0\\"></div></div></div>"`;

exports[`ReactSwipe renders all the children correctly 2`] = `"<div><div class=\\"react-swipe-container product-carousel\\" style=\\"overflow: hidden; visibility: visible; position: relative;\\"><div style=\\"overflow: hidden; position: relative; width: 0px; left: 0px;\\"><img alt=\\"img1\\" src=\\"./image1.png\\" style=\\"float: left; width: 0px; position: relative;\\" data-index=\\"0\\"><img alt=\\"img2\\" src=\\"./image2.png\\" style=\\"float: left; width: 0px; position: relative;\\" data-index=\\"1\\"><img alt=\\"img3\\" src=\\"./image3.png\\" style=\\"float: left; width: 0px; position: relative;\\" data-index=\\"2\\"></div></div></div>"`;

exports[`ReactSwipe renders all the children correctly 3`] = `"<div><div class=\\"react-swipe-container product-carousel\\" style=\\"overflow: hidden; visibility: visible; position: relative;\\"><div style=\\"overflow: hidden; position: relative; width: 0px; left: 0px;\\"><div style=\\"float: left; width: 0px; position: relative; background: red;\\" data-index=\\"0\\"><img alt=\\"img1\\" src=\\"./image1.png\\"></div><div style=\\"float: left; width: 0px; position: relative; background: red;\\" data-index=\\"1\\"><img alt=\\"img2\\" src=\\"./image2.png\\"></div><div style=\\"float: left; width: 0px; position: relative; background: red;\\" data-index=\\"2\\"><img alt=\\"img3\\" src=\\"./image3.png\\"></div></div></div></div>"`;
